[
    {
        "name": "New Year's Day",
        "date": "2024-01-01"
    },
    {
        "name": "Independence Day",
        "date": "2024-03-20"
    },
    {
        "name": "Martyrs' Day",
        "date": "2024-04-09"
    },
    {
        "name": "Eid al-Fitr 1. Day",
        "date": "2024-04-10"
    },
    {
        "name": "Eid al-Fitr 2. Day",
        "date": "2024-04-11"
    },
    {
        "name": "Labour Day",
        "date": "2024-05-01"
    },
    {
        "name": "Eid al-Adha 1. Day",
        "date": "2024-06-17"
    },
    {
        "name": "Eid al-Adha 2. Day",
        "date": "2024-06-18"
    },
    {
        "name": "Eid al-Adha 3. Day",
        "date": "2024-06-19"
    },
    {
        "name": "Islamic new year 1. Day",
        "date": "2024-07-07"
    },
    {
        "name": "Republic Day",
        "date": "2024-07-25"
    },
    {
        "name": "Women's Day",
        "date": "2024-08-13"
    },
    {
        "name": "Birthday of the Prophet Mohamed 1. Day",
        "date": "2024-09-15"
    },
    {
        "name": "Evacuation Day",
        "date": "2024-10-15"
    },
    {
        "name": "Revolution and Youth Day",
        "date": "2024-12-17"
    }
]